---
source: tests/tests.rs
expression: output
input_file: tests/programs/log.hvmc
---
#2
pre-reduce:
RWTS   :               0
- ANNI :               0
- COMM :               0
- ERAS :               0
- DREF :               0
- OPER :               0
run:
RWTS   :               3
- ANNI :               2
- COMM :               0
- ERAS :               1
- DREF :               0
- OPER :               0
