---
source: tests/tests.rs
expression: output
input_file: tests/programs/ops.hvmc
---
[#255 [#65535 [#4294967295 [#-1 [#255 [#65535 [#4294967295 [#-1 [#0 [#0 [#0 [#0 [#-1 [#-1 [#-1 [#-2 [#-2 [#-2 *]]]]]]]]]]]]]]]]]]
RWTS   :              56
- ANNI :               0
- COMM :               0
- ERAS :               0
- DREF :              38
- OPER :              18
