---
source: tests/tests.rs
expression: output
input_file: examples/sort/merge/merge_sort.hvmc
---
{4 * {4 {4 {4 * {4 {4 {4 {4 #3 a} {4 * a}} {4 {4 {4 #2 b} {4 * b}} c}} c}} {4 {4 * {4 {4 {4 {4 #1 d} {4 * d}} {4 {4 {4 #0 e} {4 * e}} f}} f}} g}} g}}
RWTS   :             474
- ANNI :              71
- COMM :             242
- ERAS :              79
- DREF :              66
- OPER :              16
