---
source: tests/tests.rs
expression: output
input_file: tests/programs/stress_tests/all_tree.hvmc
---
(a (* a))
pre-reduce:
RWTS   :              32
- ANNI :              13
- COMM :               0
- ERAS :               0
- DREF :              19
- OPER :               0
run:
RWTS   :     452_984_814
- ANNI :     218_103_801
- COMM :      83_886_075
- ERAS :     117_440_507
- DREF :               0
- OPER :      33_554_431
