---
source: tests/tests.rs
expression: output
input_file: examples/machine_u32/num_match.hvmc
---
#9
pre-reduce:
RWTS   :               2
- ANNI :               1
- COMM :               0
- ERAS :               0
- DREF :               1
- OPER :               0
run:
RWTS   :               5
- ANNI :               3
- COMM :               0
- ERAS :               1
- DREF :               0
- OPER :               1
