---
source: tests/tests.rs
expression: output
input_file: tests/programs/stress_tests/fib_rec.hvmc
---
#1346269
pre-reduce:
RWTS   :      30_374_931
- ANNI :      10_573_732
- COMM :       2_178_308
- ERAS :       5_702_885
- DREF :       4_356_625
- OPER :       7_563_381
run:
RWTS   :               0
- ANNI :               0
- COMM :               0
- ERAS :               0
- DREF :               0
- OPER :               0
