---
source: tests/tests.rs
expression: output
input_file: examples/sort/bitonic/bitonic_sort_lam.hvmc
---
#523776
pre-reduce:
RWTS   :       1_623_642
- ANNI :         944_667
- COMM :          96_766
- ERAS :         221_692
- DREF :         209_486
- OPER :         151_031
run:
RWTS   :               1
- ANNI :               0
- COMM :               0
- ERAS :               0
- DREF :               1
- OPER :               0
