---
source: tests/tests.rs
expression: output
input_file: tests/programs/queue.hvmc
---
((@C0 (((@C1 (((@C2 (@Nil a)) (* a)) b)) (* b)) c)) (* c))
pre-reduce:
RWTS   :              63
- ANNI :              39
- COMM :               1
- ERAS :               4
- DREF :              19
- OPER :               0
run:
RWTS   :               1
- ANNI :               0
- COMM :               0
- ERAS :               0
- DREF :               1
- OPER :               0
