---
source: tests/tests.rs
expression: output
input_file: tests/programs/church_mul.hvmc
---
({3 (a {3 b {3 c {3 d {3 e {3 f {3 g {3 h {3 i {3 j {3 k {3 l {3 m {3 n {3 o {3 p {3 q {3 r {3 s {3 t u}}}}}}}}}}}}}}}}}}}) {3 (v a) {3 (w v) {3 (x w) {3 (y x) {3 (z y) {3 (aa z) {3 (ab aa) {3 (ac ab) {3 (ad ac) {3 (ae ad) {3 (af ae) {3 (ag af) {3 (ah ag) {3 (ai ah) {3 (aj ai) {3 (ak aj) {3 (al ak) {3 (am al) ({3 c {3 d {3 e {3 f {3 g {3 h {3 i {3 j {3 k {3 l {3 m {3 n {3 o {3 p {3 q {3 r {3 s {3 t {3 u an}}}}}}}}}}}}}}}}}}} am)}}}}}}}}}}}}}}}}}}} (an b))
pre-reduce:
RWTS   :              50
- ANNI :              25
- COMM :              19
- ERAS :               0
- DREF :               6
- OPER :               0
run:
RWTS   :               0
- ANNI :               0
- COMM :               0
- ERAS :               0
- DREF :               0
- OPER :               0
