---
source: tests/tests.rs
expression: output
input_file: tests/programs/stress_tests/burn.hvmc
---
((((* (* (* (a a)))) (* (* (* (b b))))) ((* (* (* (c c)))) (* (* (* (d d)))))) (((* (* (* (e e)))) (* (* (* (f f))))) ((* (* (* (g g)))) (* (* (* (h h)))))))
RWTS   :     369_096_639
- ANNI :     201_325_229
- COMM :             177
- ERAS :      67_108_511
- DREF :     100_662_722
- OPER :               0
